// Jest Snapshot v1, https://goo.gl/fbAQLP

exports[`GoogleMap component renders GoogleMap 1`] = `<DefaultLoadingContainer />`;
